[2025-10-03 20:32:45,330: ERROR/ForkPoolWorker-8] ‚ùå Build failed during COMPLETED phase
[2025-10-03 20:32:45,333: ERROR/ForkPoolWorker-8] AgentCore deployment failed for job_e0629f0763e24db89d702fa1cf79cfc0:fitness_advisor_agent
Traceback (most recent call last):
  File "/Users/ychchen/warren_ws/Nexus-AI/api/services/agent_deployment_service.py", line 171, in deploy_to_agentcore
    launch_result = runtime.launch()
                    ^^^^^^^^^^^^^^^^
  File "/Users/ychchen/warren_ws/Nexus-AI/venv/lib/python3.12/site-packages/bedrock_agentcore_starter_toolkit/notebook/runtime/bedrock_agentcore.py", line 188, in launch
    result = launch_bedrock_agentcore(
             ^^^^^^^^^^^^^^^^^^^^^^^^^
  File "/Users/ychchen/warren_ws/Nexus-AI/venv/lib/python3.12/site-packages/bedrock_agentcore_starter_toolkit/operations/runtime/launch.py", line 277, in launch_bedrock_agentcore
    return _launch_with_codebuild(
           ^^^^^^^^^^^^^^^^^^^^^^^
  File "/Users/ychchen/warren_ws/Nexus-AI/venv/lib/python3.12/site-packages/bedrock_agentcore_starter_toolkit/operations/runtime/launch.py", line 486, in _launch_with_codebuild
    build_id, ecr_uri, region, account_id = _execute_codebuild_workflow(
                                            ^^^^^^^^^^^^^^^^^^^^^^^^^^^^
  File "/Users/ychchen/warren_ws/Nexus-AI/venv/lib/python3.12/site-packages/bedrock_agentcore_starter_toolkit/operations/runtime/launch.py", line 450, in _execute_codebuild_workflow
    codebuild_service.wait_for_completion(build_id)
  File "/Users/ychchen/warren_ws/Nexus-AI/venv/lib/python3.12/site-packages/bedrock_agentcore_starter_toolkit/services/codebuild.py", line 228, in wait_for_completion
    raise RuntimeError(f"CodeBuild failed with status: {status}")
RuntimeError: CodeBuild failed with status: FAILED
[2025-10-03 20:32:45,575: INFO/ForkPoolWorker-8] Updated agent job_e0629f0763e24db89d702fa1cf79cfc0:fitness_advisor_agent status to offline
[2025-10-03 20:32:45,974: ERROR/ForkPoolWorker-8] Project job_e0629f0763e24db89d702fa1cf79cfc0 stage agent_deployer failed: CodeBuild failed with status: FAILED
[2025-10-03 20:32:45,975: ERROR/ForkPoolWorker-8] AgentCore deployment failed for project fitness_advisor
Traceback (most recent call last):
  File "/Users/ychchen/warren_ws/Nexus-AI/api/services/agent_deployment_service.py", line 171, in deploy_to_agentcore
    launch_result = runtime.launch()
                    ^^^^^^^^^^^^^^^^
  File "/Users/ychchen/warren_ws/Nexus-AI/venv/lib/python3.12/site-packages/bedrock_agentcore_starter_toolkit/notebook/runtime/bedrock_agentcore.py", line 188, in launch
    result = launch_bedrock_agentcore(
             ^^^^^^^^^^^^^^^^^^^^^^^^^
  File "/Users/ychchen/warren_ws/Nexus-AI/venv/lib/python3.12/site-packages/bedrock_agentcore_starter_toolkit/operations/runtime/launch.py", line 277, in launch_bedrock_agentcore
    return _launch_with_codebuild(
           ^^^^^^^^^^^^^^^^^^^^^^^
  File "/Users/ychchen/warren_ws/Nexus-AI/venv/lib/python3.12/site-packages/bedrock_agentcore_starter_toolkit/operations/runtime/launch.py", line 486, in _launch_with_codebuild
    build_id, ecr_uri, region, account_id = _execute_codebuild_workflow(
                                            ^^^^^^^^^^^^^^^^^^^^^^^^^^^^
  File "/Users/ychchen/warren_ws/Nexus-AI/venv/lib/python3.12/site-packages/bedrock_agentcore_starter_toolkit/operations/runtime/launch.py", line 450, in _execute_codebuild_workflow
    codebuild_service.wait_for_completion(build_id)
  File "/Users/ychchen/warren_ws/Nexus-AI/venv/lib/python3.12/site-packages/bedrock_agentcore_starter_toolkit/services/codebuild.py", line 228, in wait_for_completion
    raise RuntimeError(f"CodeBuild failed with status: {status}")
RuntimeError: CodeBuild failed with status: FAILED

The above exception was the direct cause of the following exception:

Traceback (most recent call last):
  File "/Users/ychchen/warren_ws/Nexus-AI/tools/system_tools/agent_build_workflow/deployment_manager.py", line 54, in deploy_agent_to_agentcore
    result = service.deploy_to_agentcore(
             ^^^^^^^^^^^^^^^^^^^^^^^^^^^^
  File "/Users/ychchen/warren_ws/Nexus-AI/api/services/agent_deployment_service.py", line 236, in deploy_to_agentcore
    raise AgentDeploymentError(str(exc)) from exc
api.services.agent_deployment_service.AgentDeploymentError: CodeBuild failed with status: FAILED